[pub1.pskt.io/c/mzzbjq.html]
[backblue.gif]
[fade.gif]
[index.html]
[cdn.pub1.passkit.io/images/4W2zQH3wp16NB7COgqbY3G/logo/logo.png]
[stackpath.bootstrapcdn.com/bootstrap/4.4.1/css/bootstrap.min.css]
[pub1.pskt.io/css/f907c76a.css]
[pub1.pskt.io/css/8690b790.css]
[pub1.pskt.io/css/croppie.css]
[cdn.pub1.passkit.io/images/6KYHlDv1OquvacoNfjgEUz/icon/icon@3x.png]
[code.jquery.com/jquery-3.4.1.slim.min.js]
[cdn.jsdelivr.net/npm/popper.js@1.16.0/dist/umd/popper.min.js]
[stackpath.bootstrapcdn.com/bootstrap/4.4.1/js/bootstrap.min.js]
[pub1.pskt.io/js/afc0476a.js]
[pub1.pskt.io/js/exif.js]
[pub1.pskt.io/js/croppie.js]
[pub1.pskt.io/js/dff7c3db.js]
[cdn.pub1.passkit.io/images/19zX8aHuNAeoHEMhzdRStW/applelogo/logo@3x.png]
[pub1.pskt.io/c/mzzbjq.html]
[stackpath.bootstrapcdn.com/bootstrap/4.4.1/css/bootstrap.min.css]
[pub1.pskt.io/assets/internationalTelephoneInput/build/img/flags.png]
[pub1.pskt.io/assets/internationalTelephoneInput/build/img/flags@2x.png]
[pub1.pskt.io/css/f907c76a.css]
[pub1.pskt.io/css/flags.png]
[pub1.pskt.io/css/8690b790.css]
[pub1.pskt.io/css/croppie.css]
[pub1.pskt.io/assets/internationalTelephoneInput/build/img/flags.html]
[pub1.pskt.io/assets/internationalTelephoneInput/build/img/flags@2x.html]
[pub1.pskt.io/css/flags@2x.png]
